I'm sorry, but errors were detected in your script. Please correct the
errors listed below, and try again.


File "game/script.rpy", line 147: 'break' outside loop
            break
             ^

Ren'Py Version: Ren'Py 8.3.7.25031702
Fri Oct 24 16:15:42 2025
